[wp.w3layouts.com/iportfolio/index97f6.html]
[backblue.gif]
[fade.gif]
[index.html]
[wp.w3layouts.com/iportfolio/wp-content/themes/iportfolio/assets/css/style-liberty.css]
[wp.w3layouts.com/iportfolio/wp-includes/css/dist/block-library/style.min1eb7.css]
[wp.w3layouts.com/iportfolio/feed/index.html]
[wp.w3layouts.com/iportfolio/wp-content/themes/iportfolio/style8a54.css]
[wp.w3layouts.com/iportfolio/wp-content/plugins/tlp-food-menu/assets/css/foodmenu.mincce7.css]
[wp.w3layouts.com/iportfolio/wp-content/plugins/recent-posts-widget-with-thumbnails/public03db.css]
[wp.w3layouts.com/iportfolio/comments/feed/index.html]
[wp.w3layouts.com/iportfolio/wp-json/wp/v2/pages/8.json]
[wp.w3layouts.com/iportfolio/wp-json/index.html]
[wp.w3layouts.com/iportfolio/wp-includes/wlwmanifest.xml]
[wp.w3layouts.com/iportfolio/wp-json/oembed/1.0/embedaf34.json]
[wp.w3layouts.com/iportfolio/index.html]
[wp.w3layouts.com/iportfolio/wp-json/oembed/1.0/embed1085]
[wp.w3layouts.com/iportfolio/wp-content/themes/iportfolio/assets/images/banner.png]
[wp.w3layouts.com/iportfolio/portfolio-page/index.html]
[wp.w3layouts.com/iportfolio/single-landing-page/index.html]
[wp.w3layouts.com/iportfolio/contact-page/index.html]
[wp.w3layouts.com/iportfolio/about.b.delayed]
[wp.w3layouts.com/iportfolio/blog-posts/index.html]
[wp.w3layouts.com/iportfolio/wp-content/themes/iportfolio/assets/images/about.jpg]
[wp.w3layouts.com/iportfolio/wp-content/themes/iportfolio/assets/images/skills.png]
[wp.w3layouts.com/iportfolio/wp-content/themes/iportfolio/assets/images/file.png]
[wp.w3layouts.com/iportfolio/wp-content/themes/iportfolio/assets/images/file1.png]
[wp.w3layouts.com/iportfolio/wp-content/themes/iportfolio/assets/images/file2.png]
[wp.w3layouts.com/iportfolio/wp-content/themes/iportfolio/assets/images/awards.png]
[wp.w3layouts.com/iportfolio/wp-content/themes/iportfolio/assets/images/award.png]
[wp.w3layouts.com/iportfolio/wp-content/themes/iportfolio/assets/images/award1.png]
[wp.w3layouts.com/iportfolio/wp-content/themes/iportfolio/assets/images/award2.png]
[wp.w3layouts.com/iportfolio/wp-content/themes/iportfolio/assets/images/clients.png]
[wp.w3layouts.com/iportfolio/wp-content/themes/iportfolio/assets/images/team1.jpg]
[wp.w3layouts.com/iportfolio/wp-content/themes/iportfolio/assets/images/team2.jpg]
[wp.w3layouts.com/iportfolio/wp-content/themes/iportfolio/assets/images/team3.jpg]
[wp.w3layouts.com/iportfolio/wp-content/themes/iportfolio/assets/images/team4.jpg]
[wp.w3layouts.com/iportfolio/wp-content/themes/iportfolio/assets/images/client1.png]
[wp.w3layouts.com/iportfolio/wp-content/themes/iportfolio/assets/images/client2.png]
[wp.w3layouts.com/iportfolio/wp-content/themes/iportfolio/assets/images/client3.png]
[wp.w3layouts.com/iportfolio/wp-content/themes/iportfolio/assets/images/client4.png]
[wp.w3layouts.com/iportfolio/wp-content/themes/iportfolio/assets/images/client5.png]
[wp.w3layouts.com/iportfolio/wp-content/themes/iportfolio/assets/images/client6.png]
[wp.w3layouts.com/iportfolio/wp-content/themes/iportfolio/assets/js/theme-change.js]
[wp.w3layouts.com/iportfolio/wp-content/themes/iportfolio/assets/js/jquery-3.3.1.min.js]
[wp.w3layouts.com/iportfolio/wp-content/themes/iportfolio/assets/js/jquery-2.2.4.min.js]
[wp.w3layouts.com/iportfolio/wp-content/themes/iportfolio/assets/js/demobar-script.js]
[wp.w3layouts.com/iportfolio/wp-content/themes/iportfolio/assets/js/owl.carousel.js]
[wp.w3layouts.com/iportfolio/wp-content/themes/iportfolio/assets/js/bootstrap.min.js]
[wp.w3layouts.com/iportfolio/wp-content/themes/iportfolio/js/navigation8a54.js]
[wp.w3layouts.com/iportfolio/index97f6.html]
[wp.w3layouts.com/iportfolio/wp-content/themes/iportfolio/assets/fonts/fontawesome-webfont3e6e.eot]
[wp.w3layouts.com/iportfolio/wp-content/themes/iportfolio/assets/fonts/fontawesome-webfontd41d.eot]
[wp.w3layouts.com/iportfolio/wp-content/themes/iportfolio/assets/fonts/fontawesome-webfont3e6e.woff2]
[wp.w3layouts.com/iportfolio/wp-content/themes/iportfolio/assets/fonts/fontawesome-webfont3e6e.woff]
[wp.w3layouts.com/iportfolio/wp-content/themes/iportfolio/assets/fonts/fontawesome-webfont3e6e.ttf]
[wp.w3layouts.com/iportfolio/wp-content/themes/iportfolio/assets/fonts/fontawesome-webfont3e6e.svg]
[wp.w3layouts.com/iportfolio/wp-content/themes/iportfolio/assets/css/owl.video.play.png]
[wp.w3layouts.com/iportfolio/wp-content/themes/iportfolio/assets/css/style-liberty.css]
[wp.w3layouts.com/iportfolio/wp-includes/css/dist/block-library/style.min1eb7.css]
[wp.w3layouts.com/iportfolio/wp-content/themes/iportfolio/style8a54.css]
[wp.w3layouts.com/iportfolio/wp-content/plugins/tlp-food-menu/assets/css/foodmenu.mincce7.css]
[wp.w3layouts.com/iportfolio/wp-content/plugins/recent-posts-widget-with-thumbnails/public03db.css]
[wp.w3layouts.com/iportfolio/index.html]
[wp.w3layouts.com/iportfolio/wp-json/wp/v2/pages/9.json]
[wp.w3layouts.com/iportfolio/wp-json/oembed/1.0/embed50d3]
[wp.w3layouts.com/iportfolio/wp-content/themes/iportfolio/assets/images/template1.jpg]
[wp.w3layouts.com/iportfolio/wp-content/themes/iportfolio/assets/images/template2.jpg]
[wp.w3layouts.com/iportfolio/wp-content/themes/iportfolio/assets/images/template3.jpg]
[wp.w3layouts.com/iportfolio/wp-content/themes/iportfolio/assets/images/template4.jpg]
[wp.w3layouts.com/iportfolio/wp-content/themes/iportfolio/assets/images/template5.jpg]
[wp.w3layouts.com/iportfolio/wp-content/themes/iportfolio/assets/images/template6.jpg]
[wp.w3layouts.com/iportfolio/wp-content/themes/iportfolio/assets/images/template7.jpg]
[wp.w3layouts.com/iportfolio/wp-content/themes/iportfolio/assets/images/template8.jpg]
[wp.w3layouts.com/iportfolio/portfolio-page/index.html]
[wp.w3layouts.com/iportfolio/wp-content/uploads/sites/20/2021/02/blog4.jpg]
[wp.w3layouts.com/iportfolio/2021/02/18/the-purpose-of-this-html-is-to-help-determine-what-default/index.html]
[wp.w3layouts.com/iportfolio/wp-content/uploads/sites/20/2021/02/blog5.jpg]
[wp.w3layouts.com/iportfolio/author/w3layouts/index.html]
[wp.w3layouts.com/iportfolio/wp-content/uploads/sites/20/2021/02/blog6.jpg]
[wp.w3layouts.com/iportfolio/category/coding/index.html]
[wp.w3layouts.com/iportfolio/2021/02/18/category-hierarchy-part-of-a-hierarchy-that-is-3-deep/index.html]
[wp.w3layouts.com/iportfolio/wp-content/uploads/sites/20/2021/02/blog7.jpg]
[wp.w3layouts.com/iportfolio/category/fashion/index.html]
[wp.w3layouts.com/iportfolio/wp-content/uploads/sites/20/2021/02/blog.jpg]
[wp.w3layouts.com/iportfolio/2021/02/18/blog-personal-is-clean-well-structured-user-friendly/index.html]
[wp.w3layouts.com/iportfolio/wp-content/uploads/sites/20/2021/02/blog3.jpg]
[wp.w3layouts.com/iportfolio/blog-posts/index.html]
[wp.w3layouts.com/iportfolio/category/lifestyle/index.html]
[wp.w3layouts.com/iportfolio/2021/02/18/keyword-research-for-using-the-google-keyword-tool/index.html]
[wp.w3layouts.com/iportfolio/category/design/index.html]
[wp.w3layouts.com/iportfolio/wp-json/wp/v2/pages/11.json]
[wp.w3layouts.com/iportfolio/2021/02/18/welcome-to-wordpress-this-is-your-first-post/index.html]
[wp.w3layouts.com/iportfolio/wp-json/oembed/1.0/embedb701.json]
[wp.w3layouts.com/iportfolio/2021/02/18/restaurant-will-make-you-tons-of-cash-heres-how/index.html]
[wp.w3layouts.com/iportfolio/blog-posts/page/2/index.html]
[wp.w3layouts.com/iportfolio/wp-json/oembed/1.0/embedaf75]
[wp.w3layouts.com/iportfolio/single-landing-page/about]
[wp.w3layouts.com/iportfolio/single-landing-page/index.html]
[wp.w3layouts.com/iportfolio/wp-json/wp/v2/pages/13.json]
[wp.w3layouts.com/iportfolio/wp-json/oembed/1.0/embed6ee4.json]
[wp.w3layouts.com/iportfolio/wp-json/oembed/1.0/embede2f7]
[wp.w3layouts.com/iportfolio/contact-page/index.html]
[wp.w3layouts.com/iportfolio/about.html]
[wp.w3layouts.com/iportfolio/wp-content/themes/iportfolio/assets/fonts/fontawesome-webfont3e6e.svg]
[wp.w3layouts.com/iportfolio/wp-content/themes/iportfolio/assets/css/owl.video.play.html]
[wp.w3layouts.com/iportfolio/wp-json/wp/v2/posts/38.json]
[wp.w3layouts.com/iportfolio/wp-json/oembed/1.0/embeddb59]
[wp.w3layouts.com/iportfolio/2021/02/18/the-purpose-of-this-html-is-to-help-determine-what-default/feed/index.html]
[wp.w3layouts.com/iportfolio/wp-json/oembed/1.0/embedb99f.json]
[wp.w3layouts.com/iportfolio/wp-json/oembed/1.0/embed1652]
[wp.w3layouts.com/iportfolio/wp-includes/js/comment-reply.min1eb7.js]
[wp.w3layouts.com/iportfolio/2021/02/18/the-purpose-of-this-html-is-to-help-determine-what-default/index.html]
[wp.w3layouts.com/iportfolio/author/w3layouts/index.html]
[wp.w3layouts.com/iportfolio/wp-json/wp/v2/users/2.json]
[wp.w3layouts.com/iportfolio/author/w3layouts/feed/index.html]
[wp.w3layouts.com/iportfolio/author/w3layouts/page/2/index.html]
[wp.w3layouts.com/iportfolio/category/coding/feed/index.html]
[wp.w3layouts.com/iportfolio/category/coding/index.html]
[wp.w3layouts.com/iportfolio/wp-json/wp/v2/categories/3.json]
[wp.w3layouts.com/iportfolio/wp-json/wp/v2/posts/34.json]
[wp.w3layouts.com/iportfolio/2021/02/18/category-hierarchy-part-of-a-hierarchy-that-is-3-deep/feed/index.html]
[wp.w3layouts.com/iportfolio/wp-json/oembed/1.0/embedbf03.json]
[wp.w3layouts.com/iportfolio/wp-json/oembed/1.0/embed439d]
[wp.w3layouts.com/iportfolio/2021/02/18/category-hierarchy-part-of-a-hierarchy-that-is-3-deep/index.html]
[wp.w3layouts.com/iportfolio/category/fashion/index.html]
[wp.w3layouts.com/iportfolio/wp-json/wp/v2/categories/6.json]
[wp.w3layouts.com/iportfolio/category/fashion/feed/index.html]
[wp.w3layouts.com/iportfolio/wp-json/wp/v2/posts/32.json]
[wp.w3layouts.com/iportfolio/2021/02/18/blog-personal-is-clean-well-structured-user-friendly/feed/index.html]
[wp.w3layouts.com/iportfolio/wp-json/oembed/1.0/embed1cba.json]
[wp.w3layouts.com/iportfolio/wp-json/oembed/1.0/embedce09]
[wp.w3layouts.com/iportfolio/2021/02/18/blog-personal-is-clean-well-structured-user-friendly/index.html]
[wp.w3layouts.com/iportfolio/category/lifestyle/index.html]
[wp.w3layouts.com/iportfolio/wp-json/wp/v2/categories/8.json]
[wp.w3layouts.com/iportfolio/category/lifestyle/feed/index.html]
[wp.w3layouts.com/iportfolio/wp-json/wp/v2/posts/30.json]
[wp.w3layouts.com/iportfolio/2021/02/18/keyword-research-for-using-the-google-keyword-tool/feed/index.html]
[wp.w3layouts.com/iportfolio/wp-json/oembed/1.0/embed33b5.json]
[wp.w3layouts.com/iportfolio/wp-json/oembed/1.0/embed7dbf]
[wp.w3layouts.com/iportfolio/2021/02/18/keyword-research-for-using-the-google-keyword-tool/index.html]
[wp.w3layouts.com/iportfolio/category/design/index.html]
[wp.w3layouts.com/iportfolio/wp-json/wp/v2/categories/5.json]
[wp.w3layouts.com/iportfolio/category/design/feed/index.html]
[wp.w3layouts.com/iportfolio/wp-json/wp/v2/posts/28.json]
[wp.w3layouts.com/iportfolio/2021/02/18/welcome-to-wordpress-this-is-your-first-post/feed/index.html]
[wp.w3layouts.com/iportfolio/wp-json/oembed/1.0/embed6044.json]
[wp.w3layouts.com/iportfolio/wp-json/oembed/1.0/embed536c]
[wp.w3layouts.com/iportfolio/2021/02/18/welcome-to-wordpress-this-is-your-first-post/index.html]
[wp.w3layouts.com/iportfolio/wp-json/wp/v2/posts/26.json]
[wp.w3layouts.com/iportfolio/category/creative/index.html]
[wp.w3layouts.com/iportfolio/2021/02/18/restaurant-will-make-you-tons-of-cash-heres-how/feed/index.html]
[wp.w3layouts.com/iportfolio/wp-json/oembed/1.0/embed9e7f]
[wp.w3layouts.com/iportfolio/2021/02/18/restaurant-will-make-you-tons-of-cash-heres-how/index.html]
[wp.w3layouts.com/iportfolio/wp-content/uploads/sites/20/2021/02/blog2.jpg]
[wp.w3layouts.com/iportfolio/blog-posts/page/2/index.html]
[wp.w3layouts.com/iportfolio/index5757.html]
[wp.w3layouts.com/iportfolio/single-landing-page/about.html]
[wp.w3layouts.com/iportfolio/index2dc4.html]
[wp.w3layouts.com/iportfolio/xmlrpc0db0.php]
[wp.w3layouts.com/iportfolio/indexb5fb.html]
[wp.w3layouts.com/iportfolio/indexb93f.html]
[wp.w3layouts.com/iportfolio/category/food-drink/index.html]
[wp.w3layouts.com/iportfolio/2021/02/18/hello-world-2/index.html]
[wp.w3layouts.com/iportfolio/author/w3layouts/page/2/index.html]
[wp.w3layouts.com/iportfolio/index1e7e.html]
[wp.w3layouts.com/iportfolio/index6c46.html]
[wp.w3layouts.com/iportfolio/index5643.html]
[wp.w3layouts.com/iportfolio/index3c55.html]
[wp.w3layouts.com/iportfolio/category/creative/index.html]
[wp.w3layouts.com/iportfolio/index88b9.html]
[wp.w3layouts.com/iportfolio/wp-json/wp/v2/categories/4.json]
[wp.w3layouts.com/iportfolio/category/creative/feed/index.html]
[wp.w3layouts.com/iportfolio/wp-json/oembed/1.0/embed5fc8]
[wp.w3layouts.com/iportfolio/category/food-drink/index.html]
[wp.w3layouts.com/iportfolio/wp-json/wp/v2/categories/7.json]
[wp.w3layouts.com/iportfolio/category/food-drink/feed/index.html]
[wp.w3layouts.com/iportfolio/wp-json/wp/v2/posts/5.json]
[wp.w3layouts.com/iportfolio/2021/02/18/hello-world-2/feed/index.html]
[wp.w3layouts.com/iportfolio/wp-json/oembed/1.0/embed192d.json]
[wp.w3layouts.com/iportfolio/wp-json/oembed/1.0/embeded2b]
[wp.w3layouts.com/iportfolio/2021/02/18/hello-world-2/index.html]
[wp.w3layouts.com/iportfolio/blog-posts/page/1/index.html]
[wp.w3layouts.com/iportfolio/author/w3layouts/page/1/index.html]
[wp.w3layouts.com/iportfolio/indexc471.html]
[wp.w3layouts.com/iportfolio/category/uncategorized/index.html]
[wp.w3layouts.com/iportfolio/2021/02/18/hello-world-2/index0e22.html]
[wp.w3layouts.com/iportfolio/category/uncategorized/index.html]
[wp.w3layouts.com/iportfolio/2021/02/18/hello-world-2/index0e22.html]
[wp.w3layouts.com/iportfolio/xmlrpc.php]
[wp.w3layouts.com/iportfolio/wp-json/wp/v2/categories/1.json]
[wp.w3layouts.com/iportfolio/category/uncategorized/feed/index.html]
